C:\Users\Ayush\Documents\MAJORPROJECT2\node_modules\mongodb\lib\sdam\topology.js:348
                const timeoutError = new error_1.MongoServerSelectionError(`Server selection timed out after ${timeout?.duration} ms`, this.description);
                                     ^

MongoServerSelectionError: 787A0000:error:0A000438:SSL routines:ssl3_read_bytes:tlsv1 alert internal error:openssl\ssl\record\rec_layer_s3.c:916:SSL alert number 80

    at Topology.selectServer (C:\Users\Ayush\Documents\MAJORPROJECT2\node_modules\mongodb\lib\sdam\topology.js:348:38)
    at async Topology._connect (C:\Users\Ayush\Documents\MAJORPROJECT2\node_modules\mongodb\lib\sdam\topology.js:220:28)
    at async Topology.connect (C:\Users\Ayush\Documents\MAJORPROJECT2\node_modules\mongodb\lib\sdam\topology.js:171:13)
    at async topologyConnect (C:\Users\Ayush\Documents\MAJORPROJECT2\node_modules\mongodb\lib\mongo_client.js:258:17)
    at async MongoClient._connect (C:\Users\Ayush\Documents\MAJORPROJECT2\node_modules\mongodb\lib\mongo_client.js:271:13)
    at async MongoClient.connect (C:\Users\Ayush\Documents\MAJORPROJECT2\node_modules\mongodb\lib\mongo_client.js:196:13)
    at async MongoClient.connect (C:\Users\Ayush\Documents\MAJORPROJECT2\node_modules\mongodb\lib\mongo_client.js:438:16) {
  errorLabelSet: Set(0) {},
  reason: TopologyDescription {
    type: 'ReplicaSetNoPrimary',
    servers: Map(3) {
      'ac-nlg9dle-shard-00-00.okhk5gq.mongodb.net:27017' => ServerDescription {
        address: 'ac-nlg9dle-shard-00-00.okhk5gq.mongodb.net:27017',
        type: 'Unknown',
        hosts: [],
        passives: [],
        arbiters: [],
        tags: {},
        minWireVersion: 0,
        maxWireVersion: 0,
        roundTripTime: -1,
        minRoundTripTime: 0,
        lastUpdateTime: 32607,
        lastWriteDate: 0,
        error: MongoNetworkError: 787A0000:error:0A000438:SSL routines:ssl3_read_bytes:tlsv1 alert internal error:openssl\ssl\record\rec_layer_s3.c:916:SSL alert number 80
        
            at TLSSocket.<anonymous> (C:\Users\Ayush\Documents\MAJORPROJECT2\node_modules\mongodb\lib\cmap\connect.js:314:44)
            at Object.onceWrapper (node:events:623:26)
            at TLSSocket.emit (node:events:508:28)
            at emitErrorNT (node:internal/streams/destroy:170:8)
            at emitErrorCloseNT (node:internal/streams/destroy:129:3)
            at process.processTicksAndRejections (node:internal/process/task_queues:89:21) {
          errorLabelSet: Set(3) {
            'SystemOverloadedError',
            'RetryableError',
            'ResetPool'
          },
          beforeHandshake: false,
          [cause]: [Error: 787A0000:error:0A000438:SSL routines:ssl3_read_bytes:tlsv1 alert internal error:openssl\ssl\record\rec_layer_s3.c:916:SSL alert number 80
          ] {
            library: 'SSL routines',
            reason: 'tlsv1 alert internal error',
            code: 'ERR_SSL_TLSV1_ALERT_INTERNAL_ERROR'
          }
        },
        topologyVersion: null,
        setName: null,
        setVersion: null,
        electionId: null,
        logicalSessionTimeoutMinutes: null,
        maxMessageSizeBytes: null,
        maxWriteBatchSize: null,
        maxBsonObjectSize: null,
        primary: null,
        me: null,
        '$clusterTime': null,
        iscryptd: false
      },
      'ac-nlg9dle-shard-00-01.okhk5gq.mongodb.net:27017' => ServerDescription {
        address: 'ac-nlg9dle-shard-00-01.okhk5gq.mongodb.net:27017',
        type: 'Unknown',
        hosts: [],
        passives: [],
        arbiters: [],
        tags: {},
        minWireVersion: 0,
        maxWireVersion: 0,
        roundTripTime: -1,
        minRoundTripTime: 0,
        lastUpdateTime: 32569,
        lastWriteDate: 0,
        error: MongoNetworkError: 787A0000:error:0A000438:SSL routines:ssl3_read_bytes:tlsv1 alert internal error:openssl\ssl\record\rec_layer_s3.c:916:SSL alert number 80
        
            at TLSSocket.<anonymous> (C:\Users\Ayush\Documents\MAJORPROJECT2\node_modules\mongodb\lib\cmap\connect.js:314:44)
            at Object.onceWrapper (node:events:623:26)
            at TLSSocket.emit (node:events:508:28)
            at emitErrorNT (node:internal/streams/destroy:170:8)
            at emitErrorCloseNT (node:internal/streams/destroy:129:3)
            at process.processTicksAndRejections (node:internal/process/task_queues:89:21) {
          errorLabelSet: Set(3) {
            'SystemOverloadedError',
            'RetryableError',
            'ResetPool'
          },
          beforeHandshake: false,
          [cause]: [Error: 787A0000:error:0A000438:SSL routines:ssl3_read_bytes:tlsv1 alert internal error:openssl\ssl\record\rec_layer_s3.c:916:SSL alert number 80
          ] {
            library: 'SSL routines',
            reason: 'tlsv1 alert internal error',
            code: 'ERR_SSL_TLSV1_ALERT_INTERNAL_ERROR'
          }
        },
        topologyVersion: null,
        setName: null,
        setVersion: null,
        electionId: null,
        logicalSessionTimeoutMinutes: null,
        maxMessageSizeBytes: null,
        maxWriteBatchSize: null,
        maxBsonObjectSize: null,
        primary: null,
        me: null,
        '$clusterTime': null,
        iscryptd: false
      },
      'ac-nlg9dle-shard-00-02.okhk5gq.mongodb.net:27017' => ServerDescription {
        address: 'ac-nlg9dle-shard-00-02.okhk5gq.mongodb.net:27017',
        type: 'Unknown',
        hosts: [],
        passives: [],
        arbiters: [],
        tags: {},
        minWireVersion: 0,
        maxWireVersion: 0,
        roundTripTime: -1,
        minRoundTripTime: 0,
        lastUpdateTime: 32443,
        lastWriteDate: 0,
        error: MongoNetworkError: 787A0000:error:0A000438:SSL routines:ssl3_read_bytes:tlsv1 alert internal error:openssl\ssl\record\rec_layer_s3.c:916:SSL alert number 80
        
            at TLSSocket.<anonymous> (C:\Users\Ayush\Documents\MAJORPROJECT2\node_modules\mongodb\lib\cmap\connect.js:314:44)
            at Object.onceWrapper (node:events:623:26)
            at TLSSocket.emit (node:events:508:28)
            at emitErrorNT (node:internal/streams/destroy:170:8)
            at emitErrorCloseNT (node:internal/streams/destroy:129:3)
            at process.processTicksAndRejections (node:internal/process/task_queues:89:21) {
          errorLabelSet: Set(3) {
            'SystemOverloadedError',
            'RetryableError',
            'ResetPool'
          },
          beforeHandshake: false,
          [cause]: [Error: 787A0000:error:0A000438:SSL routines:ssl3_read_bytes:tlsv1 alert internal error:openssl\ssl\record\rec_layer_s3.c:916:SSL alert number 80
          ] {
            library: 'SSL routines',
            reason: 'tlsv1 alert internal error',
            code: 'ERR_SSL_TLSV1_ALERT_INTERNAL_ERROR'
          }
        },
        topologyVersion: null,
        setName: null,
        setVersion: null,
        electionId: null,
        logicalSessionTimeoutMinutes: null,
        maxMessageSizeBytes: null,
        maxWriteBatchSize: null,
        maxBsonObjectSize: null,
        primary: null,
        me: null,
        '$clusterTime': null,
        iscryptd: false
      }
    },
    stale: false,
    compatible: true,
    heartbeatFrequencyMS: 10000,
    localThresholdMS: 15,
    setName: 'atlas-1u0flp-shard-0',
    maxElectionId: null,
    maxSetVersion: null,
    commonWireVersion: 0,
    logicalSessionTimeoutMinutes: null
  },
  code: undefined,
  [cause]: MongoNetworkError: 787A0000:error:0A000438:SSL routines:ssl3_read_bytes:tlsv1 alert internal error:openssl\ssl\record\rec_layer_s3.c:916:SSL alert number 80
  
      at TLSSocket.<anonymous> (C:\Users\Ayush\Documents\MAJORPROJECT2\node_modules\mongodb\lib\cmap\connect.js:314:44)
      at Object.onceWrapper (node:events:623:26)
      at TLSSocket.emit (node:events:508:28)
      at emitErrorNT (node:internal/streams/destroy:170:8)
      at emitErrorCloseNT (node:internal/streams/destroy:129:3)
      at process.processTicksAndRejections (node:internal/process/task_queues:89:21) {
    errorLabelSet: Set(3) { 'SystemOverloadedError', 'RetryableError', 'ResetPool' },
    beforeHandshake: false,
    [cause]: [Error: 787A0000:error:0A000438:SSL routines:ssl3_read_bytes:tlsv1 alert internal error:openssl\ssl\record\rec_layer_s3.c:916:SSL alert number 80
    ] {
      library: 'SSL routines',
      reason: 'tlsv1 alert internal error',
      code: 'ERR_SSL_TLSV1_ALERT_INTERNAL_ERROR'
    }
  }
}

Node.js v24.11.1
