◇ injected env (6) from .env // tip: ⌘ multiple files { path: ['.env.local', '.env'] }
app listening to port no 3000
MongooseServerSelectionError: Could not connect to any servers in your MongoDB Atlas cluster. One common reason is that you're trying to access the database from an IP that isn't whitelisted. Make sure your current IP address is on your Atlas cluster's IP whitelist: https://www.mongodb.com/docs/atlas/security-whitelist/
    at _handleConnectionErrors (C:\Users\Ayush\Documents\MAJORPROJECT2\node_modules\mongoose\lib\connection.js:1180:11)
    at NativeConnection.openUri (C:\Users\Ayush\Documents\MAJORPROJECT2\node_modules\mongoose\lib\connection.js:1111:11)
    at runNextTicks (node:internal/process/task_queues:64:5)
    at listOnTimeout (node:internal/timers:567:9)
    at process.processTimers (node:internal/timers:541:7)
    at async main (C:\Users\Ayush\Documents\MAJORPROJECT2\app.js:136:5) {
  errorLabelSet: Set(0) {},
  reason: TopologyDescription {
    type: 'ReplicaSetNoPrimary',
    servers: Map(3) {
      'ac-nlg9dle-shard-00-00.okhk5gq.mongodb.net:27017' => [ServerDescription],
      'ac-nlg9dle-shard-00-01.okhk5gq.mongodb.net:27017' => [ServerDescription],
      'ac-nlg9dle-shard-00-02.okhk5gq.mongodb.net:27017' => [ServerDescription]
    },
    stale: false,
    compatible: true,
    heartbeatFrequencyMS: 10000,
    localThresholdMS: 15,
    setName: 'atlas-1u0flp-shard-0',
    maxElectionId: null,
    maxSetVersion: null,
    commonWireVersion: 0,
    logicalSessionTimeoutMinutes: null
  },
  code: undefined,
  cause: TopologyDescription {
    type: 'ReplicaSetNoPrimary',
    servers: Map(3) {
      'ac-nlg9dle-shard-00-00.okhk5gq.mongodb.net:27017' => [ServerDescription],
      'ac-nlg9dle-shard-00-01.okhk5gq.mongodb.net:27017' => [ServerDescription],
      'ac-nlg9dle-shard-00-02.okhk5gq.mongodb.net:27017' => [ServerDescription]
    },
    stale: false,
    compatible: true,
    heartbeatFrequencyMS: 10000,
    localThresholdMS: 15,
    setName: 'atlas-1u0flp-shard-0',
    maxElectionId: null,
    maxSetVersion: null,
    commonWireVersion: 0,
    logicalSessionTimeoutMinutes: null
  }
}
